#
# There is insufficient memory for the Java Runtime Environment to continue.
# Native memory allocation (mmap) failed to map 289406976 bytes for G1 virtual space
# Possible reasons:
#   The system is out of physical RAM or swap space
#   The process is running with CompressedOops enabled, and the Java Heap may be blocking the growth of the native heap
# Possible solutions:
#   Reduce memory load on the system
#   Increase physical memory or swap space
#   Check if swap backing store is full
#   Decrease Java heap size (-Xmx/-Xms)
#   Decrease number of Java threads
#   Decrease Java thread stack sizes (-Xss)
#   Set larger code cache with -XX:ReservedCodeCacheSize=
#   JVM is running with Zero Based Compressed Oops mode in which the Java heap is
#     placed in the first 32GB address space. The Java Heap base address is the
#     maximum limit for the native heap growth. Please use -XX:HeapBaseMinAddress
#     to set the Java Heap base and to place the Java Heap above 32GB virtual address.
# This output file may be truncated or incomplete.
#
#  Out of Memory Error (os_windows.cpp:3550), pid=21492, tid=25148
#
# JRE version: Java(TM) SE Runtime Environment (17.0.8+9) (build 17.0.8+9-LTS-211)
# Java VM: Java HotSpot(TM) 64-Bit Server VM (17.0.8+9-LTS-211, mixed mode, sharing, tiered, compressed oops, compressed class ptrs, g1 gc, windows-amd64)
# No core dump will be written. Minidumps are not enabled by default on client versions of Windows
#

---------------  S U M M A R Y ------------

Command Line: -XX:MaxMetaspaceSize=2G -XX:+HeapDumpOnOutOfMemoryError --add-opens=java.base/java.util=ALL-UNNAMED --add-opens=java.base/java.lang=ALL-UNNAMED --add-opens=java.base/java.lang.invoke=ALL-UNNAMED --add-opens=java.prefs/java.util.prefs=ALL-UNNAMED --add-opens=java.base/java.nio.charset=ALL-UNNAMED --add-opens=java.base/java.net=ALL-UNNAMED --add-opens=java.base/java.util.concurrent.atomic=ALL-UNNAMED -Xmx4G -Dfile.encoding=utf8 -Duser.country=IN -Duser.language=en -Duser.variant -javaagent:C:\Users\chaud\.gradle\wrapper\dists\gradle-8.3-all\6en3ugtfdg5xnpx44z4qbwgas\gradle-8.3\lib\agents\gradle-instrumentation-agent-8.3.jar org.gradle.launcher.daemon.bootstrap.GradleDaemon 8.3

Host: AMD Ryzen 5 5600H with Radeon Graphics         , 12 cores, 7G,  Windows 11 , 64 bit Build 26100 (10.0.26100.8328)
Time: Wed May 20 16:15:29 2026 India Standard Time elapsed time: 33.274793 seconds (0d 0h 0m 33s)

---------------  T H R E A D  ---------------

Current thread (0x000001943b92ca60):  VMThread "VM Thread" [stack: 0x000000912cd00000,0x000000912ce00000] [id=25148]

Stack: [0x000000912cd00000,0x000000912ce00000]
Native frames: (J=compiled Java code, j=interpreted, Vv=VM code, C=native code)
V  [jvm.dll+0x677d0a]
V  [jvm.dll+0x7d8c54]
V  [jvm.dll+0x7da3fe]
V  [jvm.dll+0x7daa63]
V  [jvm.dll+0x245c5f]
V  [jvm.dll+0x674bb9]
V  [jvm.dll+0x6694f2]
V  [jvm.dll+0x3031d6]
V  [jvm.dll+0x30a756]
V  [jvm.dll+0x359f9e]
V  [jvm.dll+0x35a1cf]
V  [jvm.dll+0x2da3e8]
V  [jvm.dll+0x2d87f5]
V  [jvm.dll+0x2d7dfc]
V  [jvm.dll+0x31b4cb]
V  [jvm.dll+0x7df26b]
V  [jvm.dll+0x7dffa4]
V  [jvm.dll+0x7e04bd]
V  [jvm.dll+0x7e0894]
V  [jvm.dll+0x7e0960]
V  [jvm.dll+0x788bba]
V  [jvm.dll+0x676b35]
C  [ucrtbase.dll+0x37b0]
C  [KERNEL32.DLL+0x2e957]
C  [ntdll.dll+0x427c]

VM_Operation (0x000000912e5edb20): G1CollectForAllocation, mode: safepoint, requested by thread 0x000001947de21070


---------------  P R O C E S S  ---------------

Threads class SMR info:
_java_thread_list=0x0000019407804020, length=96, elements={
0x0000019418726fc0, 0x000001943b93b920, 0x000001943b93c4d0, 0x000001943b96eb10,
0x000001943b9718d0, 0x000001943b972280, 0x000001943b972c30, 0x000001943b9759d0,
0x000001943b9828a0, 0x000001943b9851b0, 0x000001943b9202c0, 0x000001943bcbb320,
0x000001947dfd0750, 0x000001947d7090b0, 0x000001947d9bca80, 0x000001947ef84220,
0x000001947dceaf30, 0x000001947f5a4020, 0x000001947de21070, 0x000001947de61940,
0x000001947de61e10, 0x000001947de622e0, 0x000001947de627b0, 0x000001947de61470,
0x000001947de62c80, 0x000001947de63af0, 0x000001947de63fc0, 0x000001947de63620,
0x000001947de63150, 0x000001947de60600, 0x000001947de60ad0, 0x000001947de60fa0,
0x0000019405ce82f0, 0x0000019405ce87c0, 0x0000019405ce6610, 0x0000019405ce6ae0,
0x0000019405ce6140, 0x0000019405ce7480, 0x0000019405ce57a0, 0x0000019405ce52d0,
0x0000019405ceb7e0, 0x0000019405cea4a0, 0x0000019405ce9630, 0x0000019405ceae40,
0x0000019405ceb310, 0x0000019405ce9b00, 0x0000019405cec180, 0x0000019405ce8c90,
0x0000019405cea970, 0x00000194077f33b0, 0x00000194077f5560, 0x00000194077f2ee0,
0x00000194077f46f0, 0x00000194077f5a30, 0x00000194077f68a0, 0x00000194077f5f00,
0x00000194077f3d50, 0x00000194077f4bc0, 0x00000194077f63d0, 0x00000194077f7240,
0x00000194077f3880, 0x00000194077f7710, 0x00000194077f6d70, 0x00000194077f7be0,
0x00000194077f4220, 0x00000194077fa260, 0x00000194077f80b0, 0x00000194077fa730,
0x00000194077f8580, 0x00000194077f8a50, 0x00000194077f8f20, 0x00000194077f93f0,
0x00000194077f98c0, 0x00000194077f9d90, 0x000001940670e300, 0x000001940670ffe0,
0x000001940670f640, 0x00000194067104b0, 0x0000019406710980, 0x0000019406710e50,
0x000001940670e7d0, 0x000001940670d490, 0x000001940493bbe0, 0x000001940670d960,
0x000001940670de30, 0x0000019406712660, 0x000001940670fb10, 0x000001940670eca0,
0x00000194067117f0, 0x0000019406712b30, 0x0000019406711cc0, 0x0000019406712190,
0x000001940670f170, 0x0000019406714340, 0x0000019406713000, 0x0000019404c02520
}

Java Threads: ( => current thread )
  0x0000019418726fc0 JavaThread "main" [_thread_blocked, id=29236, stack(0x000000912c700000,0x000000912c800000)]
  0x000001943b93b920 JavaThread "Reference Handler" daemon [_thread_blocked, id=33476, stack(0x000000912ce00000,0x000000912cf00000)]
  0x000001943b93c4d0 JavaThread "Finalizer" daemon [_thread_blocked, id=22608, stack(0x000000912cf00000,0x000000912d000000)]
  0x000001943b96eb10 JavaThread "Signal Dispatcher" daemon [_thread_blocked, id=14024, stack(0x000000912d000000,0x000000912d100000)]
  0x000001943b9718d0 JavaThread "Attach Listener" daemon [_thread_blocked, id=10112, stack(0x000000912d100000,0x000000912d200000)]
  0x000001943b972280 JavaThread "Service Thread" daemon [_thread_blocked, id=31100, stack(0x000000912d200000,0x000000912d300000)]
  0x000001943b972c30 JavaThread "Monitor Deflation Thread" daemon [_thread_blocked, id=28212, stack(0x000000912d300000,0x000000912d400000)]
  0x000001943b9759d0 JavaThread "C2 CompilerThread0" daemon [_thread_blocked, id=26820, stack(0x000000912d400000,0x000000912d500000)]
  0x000001943b9828a0 JavaThread "C1 CompilerThread0" daemon [_thread_blocked, id=32968, stack(0x000000912d500000,0x000000912d600000)]
  0x000001943b9851b0 JavaThread "Sweeper thread" daemon [_thread_blocked, id=2876, stack(0x000000912d600000,0x000000912d700000)]
  0x000001943b9202c0 JavaThread "Common-Cleaner" daemon [_thread_blocked, id=23088, stack(0x000000912d700000,0x000000912d800000)]
  0x000001943bcbb320 JavaThread "Notification Thread" daemon [_thread_blocked, id=23068, stack(0x000000912d800000,0x000000912d900000)]
  0x000001947dfd0750 JavaThread "Daemon health stats" [_thread_blocked, id=32756, stack(0x000000912df00000,0x000000912e000000)]
  0x000001947d7090b0 JavaThread "Incoming local TCP Connector on port 64037" [_thread_in_native, id=26224, stack(0x000000912e000000,0x000000912e100000)]
  0x000001947d9bca80 JavaThread "Daemon periodic checks" [_thread_blocked, id=29676, stack(0x000000912e100000,0x000000912e200000)]
  0x000001947ef84220 JavaThread "Daemon" [_thread_blocked, id=1140, stack(0x000000912e200000,0x000000912e300000)]
  0x000001947dceaf30 JavaThread "Handler for socket connection from /127.0.0.1:64037 to /127.0.0.1:64038" [_thread_in_native, id=33452, stack(0x000000912e300000,0x000000912e400000)]
  0x000001947f5a4020 JavaThread "Cancel handler" [_thread_blocked, id=32100, stack(0x000000912e400000,0x000000912e500000)]
  0x000001947de21070 JavaThread "Daemon worker" [_thread_blocked, id=27344, stack(0x000000912e500000,0x000000912e600000)]
  0x000001947de61940 JavaThread "Asynchronous log dispatcher for DefaultDaemonConnection: socket connection from /127.0.0.1:64037 to /127.0.0.1:64038" [_thread_blocked, id=17556, stack(0x000000912e600000,0x000000912e700000)]
  0x000001947de61e10 JavaThread "Stdin handler" [_thread_blocked, id=27616, stack(0x000000912e700000,0x000000912e800000)]
  0x000001947de622e0 JavaThread "Daemon client event forwarder" [_thread_blocked, id=30336, stack(0x000000912e800000,0x000000912e900000)]
  0x000001947de627b0 JavaThread "Cache worker for journal cache (C:\Users\chaud\.gradle\caches\journal-1)" [_thread_blocked, id=32424, stack(0x000000912e900000,0x000000912ea00000)]
  0x000001947de61470 JavaThread "File lock request listener" [_thread_in_native, id=27368, stack(0x000000912ea00000,0x000000912eb00000)]
  0x000001947de62c80 JavaThread "Cache worker for file hash cache (C:\Users\chaud\.gradle\caches\8.3\fileHashes)" [_thread_blocked, id=1820, stack(0x000000912f000000,0x000000912f100000)]
  0x000001947de63af0 JavaThread "File watcher server" daemon [_thread_in_native, id=4176, stack(0x000000912f100000,0x000000912f200000)]
  0x000001947de63fc0 JavaThread "File watcher consumer" daemon [_thread_blocked, id=24872, stack(0x000000912f200000,0x000000912f300000)]
  0x000001947de63620 JavaThread "jar transforms" [_thread_blocked, id=29488, stack(0x000000912f300000,0x000000912f400000)]
  0x000001947de63150 JavaThread "jar transforms Thread 2" [_thread_blocked, id=4376, stack(0x000000912f400000,0x000000912f500000)]
  0x000001947de60600 JavaThread "jar transforms Thread 3" [_thread_blocked, id=8056, stack(0x000000912f500000,0x000000912f600000)]
  0x000001947de60ad0 JavaThread "Cache worker for checksums cache (C:\Users\chaud\OneDrive\Desktop\Backend Project\social-media-app\connectify\android\.gradle\8.3\checksums)" [_thread_blocked, id=11920, stack(0x000000912f800000,0x000000912f900000)]
  0x000001947de60fa0 JavaThread "Cache worker for file hash cache (C:\Users\chaud\OneDrive\Desktop\Backend Project\social-media-app\connectify\android\.gradle\8.3\fileHashes)" [_thread_blocked, id=7748, stack(0x000000912f900000,0x000000912fa00000)]
  0x0000019405ce82f0 JavaThread "Cache worker for cache directory md-supplier (C:\Users\chaud\.gradle\caches\8.3\md-supplier)" [_thread_blocked, id=31304, stack(0x000000912fa00000,0x000000912fb00000)]
  0x0000019405ce87c0 JavaThread "Cache worker for file content cache (C:\Users\chaud\.gradle\caches\8.3\fileContent)" [_thread_blocked, id=6284, stack(0x000000912fb00000,0x000000912fc00000)]
  0x0000019405ce6610 JavaThread "Cache worker for cache directory md-rule (C:\Users\chaud\.gradle\caches\8.3\md-rule)" [_thread_blocked, id=30908, stack(0x000000912fc00000,0x000000912fd00000)]
  0x0000019405ce6ae0 JavaThread "Cache worker for execution history cache (C:\Users\chaud\.gradle\caches\8.3\executionHistory)" [_thread_blocked, id=31816, stack(0x000000912fd00000,0x000000912fe00000)]
  0x0000019405ce6140 JavaThread "jar transforms Thread 4" [_thread_blocked, id=28356, stack(0x000000912fe00000,0x000000912ff00000)]
  0x0000019405ce7480 JavaThread "jar transforms Thread 5" [_thread_blocked, id=15684, stack(0x000000912ff00000,0x0000009130000000)]
  0x0000019405ce57a0 JavaThread "jar transforms Thread 6" [_thread_blocked, id=24240, stack(0x0000009130100000,0x0000009130200000)]
  0x0000019405ce52d0 JavaThread "jar transforms Thread 7" [_thread_blocked, id=9796, stack(0x0000009130200000,0x0000009130300000)]
  0x0000019405ceb7e0 JavaThread "jar transforms Thread 8" [_thread_blocked, id=31508, stack(0x0000009130300000,0x0000009130400000)]
  0x0000019405cea4a0 JavaThread "jar transforms Thread 9" [_thread_blocked, id=25692, stack(0x0000009130400000,0x0000009130500000)]
  0x0000019405ce9630 JavaThread "jar transforms Thread 10" [_thread_blocked, id=29888, stack(0x0000009130500000,0x0000009130600000)]
  0x0000019405ceae40 JavaThread "jar transforms Thread 11" [_thread_blocked, id=9092, stack(0x0000009130600000,0x0000009130700000)]
  0x0000019405ceb310 JavaThread "jar transforms Thread 12" [_thread_blocked, id=29900, stack(0x0000009130700000,0x0000009130800000)]
  0x0000019405ce9b00 JavaThread "Cache worker for kotlin-dsl (C:\Users\chaud\.gradle\caches\8.3\kotlin-dsl)" [_thread_blocked, id=32312, stack(0x0000009130800000,0x0000009130900000)]
  0x0000019405cec180 JavaThread "Cache worker for dependencies-accessors (C:\Users\chaud\OneDrive\Desktop\Backend Project\social-media-app\connectify\android\.gradle\8.3\dependencies-accessors)" [_thread_blocked, id=27120, stack(0x0000009130900000,0x0000009130a00000)]
  0x0000019405ce8c90 JavaThread "Cache worker for Build Output Cleanup Cache (C:\src\flutter\packages\flutter_tools\gradle\.gradle\buildOutputCleanup)" [_thread_blocked, id=8844, stack(0x0000009130a00000,0x0000009130b00000)]
  0x0000019405cea970 JavaThread "Memory manager" [_thread_blocked, id=8388, stack(0x0000009130b00000,0x0000009130c00000)]
  0x00000194077f33b0 JavaThread "included builds" [_thread_blocked, id=30040, stack(0x0000009130c00000,0x0000009130d00000)]
  0x00000194077f5560 JavaThread "Execution worker" [_thread_blocked, id=33664, stack(0x0000009130d00000,0x0000009130e00000)]
  0x00000194077f2ee0 JavaThread "Execution worker Thread 2" [_thread_blocked, id=29332, stack(0x0000009130e00000,0x0000009130f00000)]
  0x00000194077f46f0 JavaThread "Execution worker Thread 3" [_thread_blocked, id=27996, stack(0x0000009130f00000,0x0000009131000000)]
  0x00000194077f5a30 JavaThread "Execution worker Thread 4" [_thread_blocked, id=32684, stack(0x0000009131000000,0x0000009131100000)]
  0x00000194077f68a0 JavaThread "Execution worker Thread 5" [_thread_blocked, id=5312, stack(0x0000009131100000,0x0000009131200000)]
  0x00000194077f5f00 JavaThread "Execution worker Thread 6" [_thread_blocked, id=7404, stack(0x0000009131200000,0x0000009131300000)]
  0x00000194077f3d50 JavaThread "Execution worker Thread 7" [_thread_blocked, id=26012, stack(0x0000009131300000,0x0000009131400000)]
  0x00000194077f4bc0 JavaThread "Execution worker Thread 8" [_thread_blocked, id=16868, stack(0x0000009131400000,0x0000009131500000)]
  0x00000194077f63d0 JavaThread "Execution worker Thread 9" [_thread_blocked, id=19524, stack(0x0000009131500000,0x0000009131600000)]
  0x00000194077f7240 JavaThread "Execution worker Thread 10" [_thread_blocked, id=31752, stack(0x0000009131600000,0x0000009131700000)]
  0x00000194077f3880 JavaThread "Execution worker Thread 11" [_thread_blocked, id=31904, stack(0x0000009131700000,0x0000009131800000)]
  0x00000194077f7710 JavaThread "Cache worker for execution history cache (C:\src\flutter\packages\flutter_tools\gradle\.gradle\8.3\executionHistory)" [_thread_blocked, id=31308, stack(0x0000009131800000,0x0000009131900000)]
  0x00000194077f6d70 JavaThread "Unconstrained build operations" [_thread_blocked, id=28684, stack(0x0000009130000000,0x0000009130100000)]
  0x00000194077f7be0 JavaThread "Unconstrained build operations Thread 2" [_thread_blocked, id=31656, stack(0x0000009131900000,0x0000009131a00000)]
  0x00000194077f4220 JavaThread "Unconstrained build operations Thread 3" [_thread_blocked, id=21568, stack(0x0000009131a00000,0x0000009131b00000)]
  0x00000194077fa260 JavaThread "Unconstrained build operations Thread 4" [_thread_blocked, id=33780, stack(0x0000009131b00000,0x0000009131c00000)]
  0x00000194077f80b0 JavaThread "Unconstrained build operations Thread 5" [_thread_blocked, id=26924, stack(0x0000009131c00000,0x0000009131d00000)]
  0x00000194077fa730 JavaThread "Unconstrained build operations Thread 6" [_thread_blocked, id=25440, stack(0x0000009131d00000,0x0000009131e00000)]
  0x00000194077f8580 JavaThread "Unconstrained build operations Thread 7" [_thread_blocked, id=5592, stack(0x0000009131e00000,0x0000009131f00000)]
  0x00000194077f8a50 JavaThread "Unconstrained build operations Thread 8" [_thread_blocked, id=7840, stack(0x0000009131f00000,0x0000009132000000)]
  0x00000194077f8f20 JavaThread "Unconstrained build operations Thread 9" [_thread_blocked, id=1924, stack(0x0000009132000000,0x0000009132100000)]
  0x00000194077f93f0 JavaThread "Unconstrained build operations Thread 10" [_thread_blocked, id=25340, stack(0x0000009132100000,0x0000009132200000)]
  0x00000194077f98c0 JavaThread "Incoming local TCP Connector on port 61337" [_thread_blocked, id=26912, stack(0x0000009132200000,0x0000009132300000)]
  0x00000194077f9d90 JavaThread "Exec process" [_thread_in_native, id=21284, stack(0x0000009132400000,0x0000009132500000)]
  0x000001940670e300 JavaThread "Exec process Thread 2" [_thread_blocked, id=19460, stack(0x0000009132600000,0x0000009132700000)]
  0x000001940670ffe0 JavaThread "Exec process Thread 3" [_thread_in_native, id=26964, stack(0x0000009132700000,0x0000009132800000)]
  0x000001940670f640 JavaThread "Exec process Thread 4" [_thread_in_native, id=17084, stack(0x0000009132800000,0x0000009132900000)]
  0x00000194067104b0 JavaThread "/127.0.0.1:61337 to /127.0.0.1:61338 workers" [_thread_blocked, id=30192, stack(0x000000912de00000,0x000000912df00000)]
  0x0000019406710980 JavaThread "/127.0.0.1:61337 to /127.0.0.1:61338 workers Thread 2" [_thread_blocked, id=30548, stack(0x0000009132300000,0x0000009132400000)]
  0x0000019406710e50 JavaThread "/127.0.0.1:61337 to /127.0.0.1:61338 workers Thread 3" [_thread_blocked, id=28040, stack(0x0000009132500000,0x0000009132600000)]
  0x000001940670e7d0 JavaThread "/127.0.0.1:61337 to /127.0.0.1:61338 workers Thread 4" [_thread_blocked, id=3608, stack(0x0000009132900000,0x0000009132a00000)]
  0x000001940670d490 JavaThread "/127.0.0.1:61337 to /127.0.0.1:61338 workers Thread 5" [_thread_in_native, id=4124, stack(0x0000009132a00000,0x0000009132b00000)]
  0x000001940493bbe0 JavaThread "C2 CompilerThread1" daemon [_thread_blocked, id=32340, stack(0x0000009132b00000,0x0000009132c00000)]
  0x000001940670d960 JavaThread "Unconstrained build operations Thread 11" [_thread_blocked, id=31992, stack(0x0000009132c00000,0x0000009132d00000)]
  0x000001940670de30 JavaThread "Unconstrained build operations Thread 12" [_thread_blocked, id=16264, stack(0x0000009132d00000,0x0000009132e00000)]
  0x0000019406712660 JavaThread "Unconstrained build operations Thread 13" [_thread_blocked, id=28148, stack(0x0000009132e00000,0x0000009132f00000)]
  0x000001940670fb10 JavaThread "Unconstrained build operations Thread 14" [_thread_blocked, id=7612, stack(0x0000009132f00000,0x0000009133000000)]
  0x000001940670eca0 JavaThread "Unconstrained build operations Thread 15" [_thread_blocked, id=2180, stack(0x0000009133000000,0x0000009133100000)]
  0x00000194067117f0 JavaThread "Unconstrained build operations Thread 16" [_thread_blocked, id=21396, stack(0x0000009133100000,0x0000009133200000)]
  0x0000019406712b30 JavaThread "Unconstrained build operations Thread 17" [_thread_blocked, id=28864, stack(0x0000009133200000,0x0000009133300000)]
  0x0000019406711cc0 JavaThread "Unconstrained build operations Thread 18" [_thread_blocked, id=7956, stack(0x0000009133300000,0x0000009133400000)]
  0x0000019406712190 JavaThread "Unconstrained build operations Thread 19" [_thread_blocked, id=22996, stack(0x0000009133400000,0x0000009133500000)]
  0x000001940670f170 JavaThread "Unconstrained build operations Thread 20" [_thread_blocked, id=11096, stack(0x0000009133500000,0x0000009133600000)]
  0x0000019406714340 JavaThread "Unconstrained build operations Thread 21" [_thread_blocked, id=31220, stack(0x0000009133600000,0x0000009133700000)]
  0x0000019406713000 JavaThread "Cache worker for Build Output Cleanup Cache (C:\Users\chaud\OneDrive\Desktop\Backend Project\social-media-app\connectify\android\.gradle\buildOutputCleanup)" [_thread_blocked, id=20584, stack(0x0000009133800000,0x0000009133900000)]
  0x0000019404c02520 JavaThread "C2 CompilerThread2" daemon [_thread_blocked, id=30612, stack(0x0000009133700000,0x0000009133800000)]

Other Threads:
=>0x000001943b92ca60 VMThread "VM Thread" [stack: 0x000000912cd00000,0x000000912ce00000] [id=25148]
  0x0000019418727e30 WatcherThread [stack: 0x000000912d900000,0x000000912da00000] [id=32252]
  0x0000019418797fa0 GCTaskThread "GC Thread#0" [stack: 0x000000912c800000,0x000000912c900000] [id=29380]
  0x000001947d852990 GCTaskThread "GC Thread#1" [stack: 0x000000912db00000,0x000000912dc00000] [id=25092]
  0x000001947d9c4170 GCTaskThread "GC Thread#2" [stack: 0x000000912dc00000,0x000000912dd00000] [id=33212]
  0x000001947d06dba0 GCTaskThread "GC Thread#3" [stack: 0x000000912dd00000,0x000000912de00000] [id=4868]
  0x000001947d7c60c0 GCTaskThread "GC Thread#4" [stack: 0x000000912da00000,0x000000912db00000] [id=10316]
  0x000001947ef6ed00 GCTaskThread "GC Thread#5" [stack: 0x000000912eb00000,0x000000912ec00000] [id=32972]
  0x000001947ef6efb0 GCTaskThread "GC Thread#6" [stack: 0x000000912ec00000,0x000000912ed00000] [id=27108]
  0x000001947dd30780 GCTaskThread "GC Thread#7" [stack: 0x000000912ed00000,0x000000912ee00000] [id=20356]
  0x000001947dd30a30 GCTaskThread "GC Thread#8" [stack: 0x000000912ee00000,0x000000912ef00000] [id=14796]
  0x000001947f001600 GCTaskThread "GC Thread#9" [stack: 0x000000912ef00000,0x000000912f000000] [id=33096]
  0x00000194187a8ee0 ConcurrentGCThread "G1 Main Marker" [stack: 0x000000912c900000,0x000000912ca00000] [id=18644]
  0x00000194187aa5c0 ConcurrentGCThread "G1 Conc#0" [stack: 0x000000912ca00000,0x000000912cb00000] [id=20200]
  0x000001947f0005e0 ConcurrentGCThread "G1 Conc#1" [stack: 0x000000912f600000,0x000000912f700000] [id=32680]
  0x000001947f000330 ConcurrentGCThread "G1 Conc#2" [stack: 0x000000912f700000,0x000000912f800000] [id=26268]
  0x00000194187ee130 ConcurrentGCThread "G1 Refine#0" [stack: 0x000000912cb00000,0x000000912cc00000] [id=28208]
  0x00000194187eeb50 ConcurrentGCThread "G1 Service" [stack: 0x000000912cc00000,0x000000912cd00000] [id=15536]

Threads with active compile tasks:
C2 CompilerThread0    33327 8706   !   4       com.google.common.reflect.TypeVisitor::visit (244 bytes)
C1 CompilerThread0    33327 8873       3       sun.security.util.ObjectIdentifier::toString (285 bytes)
C2 CompilerThread1    33327 8822       4       java.lang.String::split (327 bytes)
C2 CompilerThread2    33328 8850 % !   4       java.util.jar.Attributes::read @ 214 (494 bytes)

VM state: at safepoint (normal execution)

VM Mutex/Monitor currently owned by a thread:  ([mutex/lock_event])
[0x0000019418714eb0] Threads_lock - owner thread: 0x000001943b92ca60
[0x00000194187259d0] Heap_lock - owner thread: 0x000001947de21070

Heap address: 0x0000000700000000, size: 4096 MB, Compressed Oops mode: Zero based, Oop shift amount: 3

CDS archive(s) mapped at: [0x000001943c000000-0x000001943cbd0000-0x000001943cbd0000), size 12386304, SharedBaseAddress: 0x000001943c000000, ArchiveRelocationMode: 1.
Compressed class space mapped at: 0x000001943d000000-0x000001947d000000, reserved size: 1073741824
Narrow klass base: 0x000001943c000000, Narrow klass shift: 0, Narrow klass range: 0x100000000

GC Precious Log:
 CPUs: 12 total, 12 available
 Memory: 7521M
 Large Page Support: Disabled
 NUMA Support: Disabled
 Compressed Oops: Enabled (Zero based)
 Heap Region Size: 2M
 Heap Min Capacity: 8M
 Heap Initial Capacity: 118M
 Heap Max Capacity: 4G
 Pre-touch: Disabled
 Parallel Workers: 10
 Concurrent Workers: 3
 Concurrent Refinement Workers: 10
 Periodic GC: Disabled

Heap:
 garbage-first heap   total 141312K, used 86105K [0x0000000700000000, 0x0000000800000000)
  region size 2048K, 2 young (4096K), 2 survivors (4096K)
 Metaspace       used 67705K, committed 68544K, reserved 1114112K
  class space    used 9551K, committed 9920K, reserved 1048576K

Heap Regions: E=young(eden), S=young(survivor), O=old, HS=humongous(starts), HC=humongous(continues), CS=collection set, F=free, OA=open archive, CA=closed archive, TAMS=top-at-mark-start (previous, next)
|   0|0x0000000700000000, 0x0000000700200000, 0x0000000700200000|100%|HS|  |TAMS 0x0000000700200000, 0x0000000700200000| Complete 
|   1|0x0000000700200000, 0x0000000700400000, 0x0000000700400000|100%|HC|  |TAMS 0x0000000700400000, 0x0000000700400000| Complete 
|   2|0x0000000700400000, 0x0000000700600000, 0x0000000700600000|100%| O|  |TAMS 0x0000000700600000, 0x0000000700600000| Untracked 
|   3|0x0000000700600000, 0x0000000700800000, 0x0000000700800000|100%| O|  |TAMS 0x0000000700800000, 0x0000000700800000| Untracked 
|   4|0x0000000700800000, 0x0000000700a00000, 0x0000000700a00000|100%| O|  |TAMS 0x0000000700a00000, 0x0000000700a00000| Untracked 
|   5|0x0000000700a00000, 0x0000000700c00000, 0x0000000700c00000|100%| O|  |TAMS 0x0000000700c00000, 0x0000000700c00000| Untracked 
|   6|0x0000000700c00000, 0x0000000700e00000, 0x0000000700e00000|100%| O|  |TAMS 0x0000000700e00000, 0x0000000700e00000| Untracked 
|   7|0x0000000700e00000, 0x0000000701000000, 0x0000000701000000|100%| O|  |TAMS 0x0000000701000000, 0x0000000701000000| Untracked 
|   8|0x0000000701000000, 0x0000000701200000, 0x0000000701200000|100%| O|  |TAMS 0x0000000701200000, 0x0000000701200000| Untracked 
|   9|0x0000000701200000, 0x0000000701400000, 0x0000000701400000|100%| O|  |TAMS 0x0000000701400000, 0x0000000701400000| Untracked 
|  10|0x0000000701400000, 0x0000000701600000, 0x0000000701600000|100%| O|  |TAMS 0x0000000701600000, 0x0000000701600000| Untracked 
|  11|0x0000000701600000, 0x0000000701800000, 0x0000000701800000|100%| O|  |TAMS 0x0000000701800000, 0x0000000701800000| Untracked 
|  12|0x0000000701800000, 0x0000000701a00000, 0x0000000701a00000|100%| O|  |TAMS 0x0000000701800000, 0x0000000701800000| Untracked 
|  13|0x0000000701a00000, 0x0000000701c00000, 0x0000000701c00000|100%| O|  |TAMS 0x0000000701c00000, 0x0000000701c00000| Untracked 
|  14|0x0000000701c00000, 0x0000000701e00000, 0x0000000701e00000|100%| O|  |TAMS 0x0000000701e00000, 0x0000000701e00000| Untracked 
|  15|0x0000000701e00000, 0x0000000702000000, 0x0000000702000000|100%| O|  |TAMS 0x0000000702000000, 0x0000000702000000| Untracked 
|  16|0x0000000702000000, 0x0000000702200000, 0x0000000702200000|100%| O|  |TAMS 0x0000000702200000, 0x0000000702200000| Untracked 
|  17|0x0000000702200000, 0x0000000702400000, 0x0000000702400000|100%| O|  |TAMS 0x0000000702400000, 0x0000000702400000| Untracked 
|  18|0x0000000702400000, 0x0000000702600000, 0x0000000702600000|100%| O|  |TAMS 0x0000000702600000, 0x0000000702600000| Untracked 
|  19|0x0000000702600000, 0x0000000702800000, 0x0000000702800000|100%| O|  |TAMS 0x0000000702800000, 0x0000000702800000| Untracked 
|  20|0x0000000702800000, 0x0000000702a00000, 0x0000000702a00000|100%| O|  |TAMS 0x0000000702a00000, 0x0000000702a00000| Untracked 
|  21|0x0000000702a00000, 0x0000000702c00000, 0x0000000702c00000|100%| O|  |TAMS 0x0000000702c00000, 0x0000000702c00000| Untracked 
|  22|0x0000000702c00000, 0x0000000702e00000, 0x0000000702e00000|100%| O|  |TAMS 0x0000000702e00000, 0x0000000702e00000| Untracked 
|  23|0x0000000702e00000, 0x0000000703000000, 0x0000000703000000|100%| O|  |TAMS 0x0000000703000000, 0x0000000703000000| Untracked 
|  24|0x0000000703000000, 0x0000000703200000, 0x0000000703200000|100%| O|  |TAMS 0x0000000703200000, 0x0000000703200000| Untracked 
|  25|0x0000000703200000, 0x0000000703400000, 0x0000000703400000|100%| O|  |TAMS 0x0000000703400000, 0x0000000703400000| Untracked 
|  26|0x0000000703400000, 0x0000000703600000, 0x0000000703600000|100%| O|  |TAMS 0x0000000703600000, 0x0000000703600000| Untracked 
|  27|0x0000000703600000, 0x0000000703800000, 0x0000000703800000|100%| O|  |TAMS 0x0000000703800000, 0x0000000703800000| Untracked 
|  28|0x0000000703800000, 0x0000000703a00000, 0x0000000703a00000|100%|HS|  |TAMS 0x0000000703a00000, 0x0000000703a00000| Complete 
|  29|0x0000000703a00000, 0x0000000703c00000, 0x0000000703c00000|100%| O|  |TAMS 0x0000000703c00000, 0x0000000703c00000| Untracked 
|  30|0x0000000703c00000, 0x0000000703e00000, 0x0000000703e00000|100%|HS|  |TAMS 0x0000000703e00000, 0x0000000703e00000| Complete 
|  31|0x0000000703e00000, 0x0000000704000000, 0x0000000704000000|100%|HC|  |TAMS 0x0000000704000000, 0x0000000704000000| Complete 
|  32|0x0000000704000000, 0x0000000704200000, 0x0000000704200000|100%| O|  |TAMS 0x0000000704200000, 0x0000000704200000| Untracked 
|  33|0x0000000704200000, 0x0000000704400000, 0x0000000704400000|100%| O|  |TAMS 0x0000000704400000, 0x0000000704400000| Untracked 
|  34|0x0000000704400000, 0x0000000704600000, 0x0000000704600000|100%|HS|  |TAMS 0x0000000704600000, 0x0000000704600000| Complete 
|  35|0x0000000704600000, 0x0000000704800000, 0x0000000704800000|100%| O|  |TAMS 0x0000000704800000, 0x0000000704800000| Untracked 
|  36|0x0000000704800000, 0x0000000704a00000, 0x0000000704a00000|100%| O|  |TAMS 0x0000000704981600, 0x0000000704a00000| Untracked 
|  37|0x0000000704a00000, 0x0000000704c00000, 0x0000000704c00000|100%| O|  |TAMS 0x0000000704a00000, 0x0000000704c00000| Untracked 
|  38|0x0000000704c00000, 0x0000000704e00000, 0x0000000704e00000|100%| O|  |TAMS 0x0000000704c00000, 0x0000000704c7e800| Untracked 
|  39|0x0000000704e00000, 0x0000000705000000, 0x0000000705000000|100%| O|  |TAMS 0x0000000704e00000, 0x0000000704e00000| Untracked 
|  40|0x0000000705000000, 0x0000000705016400, 0x0000000705200000|  4%| O|  |TAMS 0x0000000705000000, 0x0000000705000000| Untracked 
|  41|0x0000000705200000, 0x0000000705200000, 0x0000000705400000|  0%| F|  |TAMS 0x0000000705200000, 0x0000000705200000| Untracked 
|  42|0x0000000705400000, 0x0000000705400000, 0x0000000705600000|  0%| F|  |TAMS 0x0000000705400000, 0x0000000705400000| Untracked 
|  43|0x0000000705600000, 0x0000000705600000, 0x0000000705800000|  0%| F|  |TAMS 0x0000000705600000, 0x0000000705600000| Untracked 
|  44|0x0000000705800000, 0x0000000705800000, 0x0000000705a00000|  0%| F|  |TAMS 0x0000000705800000, 0x0000000705800000| Untracked 
|  45|0x0000000705a00000, 0x0000000705a00000, 0x0000000705c00000|  0%| F|  |TAMS 0x0000000705a00000, 0x0000000705a00000| Untracked 
|  46|0x0000000705c00000, 0x0000000705c00000, 0x0000000705e00000|  0%| F|  |TAMS 0x0000000705c00000, 0x0000000705c00000| Untracked 
|  47|0x0000000705e00000, 0x0000000705e00000, 0x0000000706000000|  0%| F|  |TAMS 0x0000000705e00000, 0x0000000705e00000| Untracked 
|  48|0x0000000706000000, 0x0000000706000000, 0x0000000706200000|  0%| F|  |TAMS 0x0000000706000000, 0x0000000706000000| Untracked 
|  49|0x0000000706200000, 0x0000000706200000, 0x0000000706400000|  0%| F|  |TAMS 0x0000000706200000, 0x0000000706200000| Untracked 
|  50|0x0000000706400000, 0x0000000706400000, 0x0000000706600000|  0%| F|  |TAMS 0x0000000706400000, 0x0000000706400000| Untracked 
|  51|0x0000000706600000, 0x0000000706600000, 0x0000000706800000|  0%| F|  |TAMS 0x0000000706600000, 0x0000000706600000| Untracked 
|  52|0x0000000706800000, 0x0000000706800000, 0x0000000706a00000|  0%| F|  |TAMS 0x0000000706800000, 0x0000000706800000| Untracked 
|  53|0x0000000706a00000, 0x0000000706c00000, 0x0000000706c00000|100%| S|CS|TAMS 0x0000000706a00000, 0x0000000706a00000| Complete 
|  54|0x0000000706c00000, 0x0000000706e00000, 0x0000000706e00000|100%| S|CS|TAMS 0x0000000706c00000, 0x0000000706c00000| Complete 
|  55|0x0000000706e00000, 0x0000000706e00000, 0x0000000707000000|  0%| F|  |TAMS 0x0000000706e00000, 0x0000000706e00000| Untracked 
|  56|0x0000000707000000, 0x0000000707000000, 0x0000000707200000|  0%| F|  |TAMS 0x0000000707000000, 0x0000000707000000| Untracked 
|  57|0x0000000707200000, 0x0000000707200000, 0x0000000707400000|  0%| F|  |TAMS 0x0000000707200000, 0x0000000707200000| Untracked 
|  58|0x0000000707400000, 0x0000000707400000, 0x0000000707600000|  0%| F|  |TAMS 0x0000000707400000, 0x0000000707400000| Untracked 
|  59|0x0000000707600000, 0x0000000707600000, 0x0000000707800000|  0%| F|  |TAMS 0x0000000707600000, 0x0000000707600000| Untracked 
|  60|0x0000000707800000, 0x0000000707800000, 0x0000000707a00000|  0%| F|  |TAMS 0x0000000707800000, 0x0000000707800000| Untracked 
|  61|0x0000000707a00000, 0x0000000707a00000, 0x0000000707c00000|  0%| F|  |TAMS 0x0000000707a00000, 0x0000000707a00000| Untracked 
|  62|0x0000000707c00000, 0x0000000707c00000, 0x0000000707e00000|  0%| F|  |TAMS 0x0000000707c00000, 0x0000000707c00000| Untracked 
|  63|0x0000000707e00000, 0x0000000707e00000, 0x0000000708000000|  0%| F|  |TAMS 0x0000000707e00000, 0x0000000707e00000| Untracked 
|  64|0x0000000708000000, 0x0000000708000000, 0x0000000708200000|  0%| F|  |TAMS 0x0000000708000000, 0x0000000708000000| Untracked 
|  65|0x0000000708200000, 0x0000000708200000, 0x0000000708400000|  0%| F|  |TAMS 0x0000000708200000, 0x0000000708200000| Untracked 
|  66|0x0000000708400000, 0x0000000708400000, 0x0000000708600000|  0%| F|  |TAMS 0x0000000708400000, 0x0000000708400000| Untracked 
|  67|0x0000000708600000, 0x0000000708600000, 0x0000000708800000|  0%| F|  |TAMS 0x0000000708600000, 0x0000000708600000| Untracked 
|  68|0x0000000708800000, 0x0000000708800000, 0x0000000708a00000|  0%| F|  |TAMS 0x0000000708800000, 0x0000000708800000| Untracked 

Card table byte_map: [0x000001942fd10000,0x0000019430510000] _byte_map_base: 0x000001942c510000

Marking Bits (Prev, Next): (CMBitMap*) 0x00000194187985b0, (CMBitMap*) 0x00000194187985f0
 Prev Bits: [0x0000019430d10000, 0x0000019434d10000)
 Next Bits: [0x0000019434d10000, 0x0000019438d10000)

Polling page: 0x0000019416860000

Metaspace:

Usage:
  Non-class:     56.79 MB used.
      Class:      9.33 MB used.
       Both:     66.12 MB used.

Virtual space:
  Non-class space:       64.00 MB reserved,      57.25 MB ( 89%) committed,  1 nodes.
      Class space:        1.00 GB reserved,       9.69 MB ( <1%) committed,  1 nodes.
             Both:        1.06 GB reserved,      66.94 MB (  6%) committed. 

Chunk freelists:
   Non-Class:  6.48 MB
       Class:  6.22 MB
        Both:  12.70 MB

MaxMetaspaceSize: 2.00 GB
CompressedClassSpaceSize: 1.00 GB
Initial GC threshold: 21.00 MB
Current GC threshold: 107.31 MB
CDS: on
MetaspaceReclaimPolicy: balanced
 - commit_granule_bytes: 65536.
 - commit_granule_words: 8192.
 - virtual_space_node_default_size: 8388608.
 - enlarge_chunks_in_place: 1.
 - new_chunks_are_fully_committed: 0.
 - uncommit_free_chunks: 1.
 - use_allocation_guard: 0.
 - handle_deallocations: 1.


Internal statistics:

num_allocs_failed_limit: 6.
num_arena_births: 1066.
num_arena_deaths: 0.
num_vsnodes_births: 2.
num_vsnodes_deaths: 0.
num_space_committed: 1071.
num_space_uncommitted: 0.
num_chunks_returned_to_freelist: 6.
num_chunks_taken_from_freelist: 3930.
num_chunk_merges: 3.
num_chunk_splits: 2516.
num_chunks_enlarged: 1588.
num_purges: 0.
num_inconsistent_stats: 0.

CodeHeap 'non-profiled nmethods': size=120000Kb used=4492Kb max_used=5275Kb free=115507Kb
 bounds [0x0000019427a90000, 0x0000019427fc0000, 0x000001942efc0000]
CodeHeap 'profiled nmethods': size=120000Kb used=14352Kb max_used=15815Kb free=105647Kb
 bounds [0x000001941ffc0000, 0x0000019420f40000, 0x00000194274f0000]
CodeHeap 'non-nmethods': size=5760Kb used=2377Kb max_used=2468Kb free=3382Kb
 bounds [0x00000194274f0000, 0x0000019427760000, 0x0000019427a90000]
 total_blobs=8380 nmethods=7479 adapters=813
 compilation: enabled
              stopped_count=0, restarted_count=0
 full_count=0

Compilation events (20 events):
Event: 31.230 Thread 0x000001943b9828a0 8863       3       sun.security.util.BitArray::subscript (5 bytes)
Event: 31.230 Thread 0x000001943b9828a0 nmethod 8863 0x0000019420457490 code [0x0000019420457620, 0x0000019420457738]
Event: 31.230 Thread 0x000001943b9828a0 8864       3       sun.security.util.BitArray::position (10 bytes)
Event: 31.231 Thread 0x000001943b9828a0 nmethod 8864 0x00000194204c2090 code [0x00000194204c2220, 0x00000194204c2338]
Event: 31.231 Thread 0x000001943b9828a0 8865       3       sun.security.x509.X509AttributeName::<init> (55 bytes)
Event: 31.232 Thread 0x000001943b9828a0 nmethod 8865 0x0000019420883290 code [0x00000194208834c0, 0x0000019420883cd8]
Event: 31.232 Thread 0x000001943b9828a0 8868       3       java.math.MutableBigInteger::primitiveRightShift (80 bytes)
Event: 31.232 Thread 0x000001943b9828a0 nmethod 8868 0x0000019420d02f10 code [0x0000019420d030c0, 0x0000019420d03338]
Event: 31.232 Thread 0x000001943b9828a0 8866       3       java.math.MutableBigInteger::leftShift (293 bytes)
Event: 31.233 Thread 0x000001943b9828a0 nmethod 8866 0x0000019420494110 code [0x0000019420494360, 0x0000019420494e38]
Event: 31.233 Thread 0x000001943b9828a0 8867       3       java.math.MutableBigInteger::isOne (27 bytes)
Event: 31.233 Thread 0x000001943b9828a0 nmethod 8867 0x00000194205f0290 code [0x00000194205f0420, 0x00000194205f05f8]
Event: 31.245 Thread 0x000001943b9828a0 8870       3       java.math.BigInteger::multiplyToLen (20 bytes)
Event: 31.246 Thread 0x000001943b9828a0 nmethod 8870 0x0000019420d61790 code [0x0000019420d619c0, 0x0000019420d62128]
Event: 31.247 Thread 0x000001943b9828a0 8871       3       java.math.BigInteger::montgomeryMultiply (54 bytes)
Event: 31.248 Thread 0x000001943b9828a0 nmethod 8871 0x000001942058c610 code [0x000001942058c800, 0x000001942058cc18]
Event: 31.248 Thread 0x000001943b9828a0 8872       3       java.math.BigInteger::implMontgomeryMultiply (22 bytes)
Event: 31.248 Thread 0x000001943b9828a0 nmethod 8872 0x00000194202db010 code [0x00000194202db1c0, 0x00000194202db338]
Event: 31.249 Thread 0x000001943b9828a0 8873       3       sun.security.util.ObjectIdentifier::toString (285 bytes)
Event: 31.252 Thread 0x000001943b9828a0 nmethod 8873 0x0000019420604510 code [0x00000194206048c0, 0x0000019420605d68]

GC Heap History (20 events):
Event: 13.870 GC heap after
{Heap after GC invocations=18 (full 0):
 garbage-first heap   total 102400K, used 51033K [0x0000000700000000, 0x0000000800000000)
  region size 2048K, 3 young (6144K), 3 survivors (6144K)
 Metaspace       used 58995K, committed 59712K, reserved 1114112K
  class space    used 8389K, committed 8704K, reserved 1048576K
}
Event: 27.404 GC heap before
{Heap before GC invocations=19 (full 0):
 garbage-first heap   total 102400K, used 79705K [0x0000000700000000, 0x0000000800000000)
  region size 2048K, 17 young (34816K), 3 survivors (6144K)
 Metaspace       used 61239K, committed 62016K, reserved 1114112K
  class space    used 8788K, committed 9152K, reserved 1048576K
}
Event: 27.412 GC heap after
{Heap after GC invocations=20 (full 0):
 garbage-first heap   total 102400K, used 52872K [0x0000000700000000, 0x0000000800000000)
  region size 2048K, 2 young (4096K), 2 survivors (4096K)
 Metaspace       used 61239K, committed 62016K, reserved 1114112K
  class space    used 8788K, committed 9152K, reserved 1048576K
}
Event: 28.376 GC heap before
{Heap before GC invocations=20 (full 0):
 garbage-first heap   total 102400K, used 79496K [0x0000000700000000, 0x0000000800000000)
  region size 2048K, 16 young (32768K), 2 survivors (4096K)
 Metaspace       used 62049K, committed 62784K, reserved 1114112K
  class space    used 8865K, committed 9216K, reserved 1048576K
}
Event: 28.382 GC heap after
{Heap after GC invocations=21 (full 0):
 garbage-first heap   total 102400K, used 55391K [0x0000000700000000, 0x0000000800000000)
  region size 2048K, 2 young (4096K), 2 survivors (4096K)
 Metaspace       used 62049K, committed 62784K, reserved 1114112K
  class space    used 8865K, committed 9216K, reserved 1048576K
}
Event: 28.463 GC heap before
{Heap before GC invocations=22 (full 0):
 garbage-first heap   total 102400K, used 57439K [0x0000000700000000, 0x0000000800000000)
  region size 2048K, 4 young (8192K), 2 survivors (4096K)
 Metaspace       used 62063K, committed 62848K, reserved 1114112K
  class space    used 8866K, committed 9216K, reserved 1048576K
}
Event: 28.468 GC heap after
{Heap after GC invocations=23 (full 0):
 garbage-first heap   total 102400K, used 56997K [0x0000000700000000, 0x0000000800000000)
  region size 2048K, 1 young (2048K), 1 survivors (2048K)
 Metaspace       used 62063K, committed 62848K, reserved 1114112K
  class space    used 8866K, committed 9216K, reserved 1048576K
}
Event: 28.590 GC heap before
{Heap before GC invocations=24 (full 0):
 garbage-first heap   total 110592K, used 61093K [0x0000000700000000, 0x0000000800000000)
  region size 2048K, 4 young (8192K), 1 survivors (2048K)
 Metaspace       used 62077K, committed 62848K, reserved 1114112K
  class space    used 8866K, committed 9216K, reserved 1048576K
}
Event: 28.593 GC heap after
{Heap after GC invocations=25 (full 0):
 garbage-first heap   total 110592K, used 63232K [0x0000000700000000, 0x0000000800000000)
  region size 2048K, 2 young (4096K), 2 survivors (4096K)
 Metaspace       used 62077K, committed 62848K, reserved 1114112K
  class space    used 8866K, committed 9216K, reserved 1048576K
}
Event: 29.026 GC heap before
{Heap before GC invocations=26 (full 0):
 garbage-first heap   total 122880K, used 81664K [0x0000000700000000, 0x0000000800000000)
  region size 2048K, 10 young (20480K), 2 survivors (4096K)
 Metaspace       used 62541K, committed 63360K, reserved 1114112K
  class space    used 8932K, committed 9280K, reserved 1048576K
}
Event: 29.030 GC heap after
{Heap after GC invocations=27 (full 0):
 garbage-first heap   total 122880K, used 71566K [0x0000000700000000, 0x0000000800000000)
  region size 2048K, 2 young (4096K), 2 survivors (4096K)
 Metaspace       used 62541K, committed 63360K, reserved 1114112K
  class space    used 8932K, committed 9280K, reserved 1048576K
}
Event: 29.260 GC heap before
{Heap before GC invocations=28 (full 0):
 garbage-first heap   total 133120K, used 87950K [0x0000000700000000, 0x0000000800000000)
  region size 2048K, 10 young (20480K), 2 survivors (4096K)
 Metaspace       used 63541K, committed 64320K, reserved 1114112K
  class space    used 9050K, committed 9408K, reserved 1048576K
}
Event: 29.264 GC heap after
{Heap after GC invocations=29 (full 0):
 garbage-first heap   total 133120K, used 76575K [0x0000000700000000, 0x0000000800000000)
  region size 2048K, 2 young (4096K), 2 survivors (4096K)
 Metaspace       used 63541K, committed 64320K, reserved 1114112K
  class space    used 9050K, committed 9408K, reserved 1048576K
}
Event: 29.609 GC heap before
{Heap before GC invocations=29 (full 0):
 garbage-first heap   total 133120K, used 92959K [0x0000000700000000, 0x0000000800000000)
  region size 2048K, 11 young (22528K), 2 survivors (4096K)
 Metaspace       used 64964K, committed 65792K, reserved 1114112K
  class space    used 9235K, committed 9600K, reserved 1048576K
}
Event: 29.611 GC heap after
{Heap after GC invocations=30 (full 0):
 garbage-first heap   total 133120K, used 77271K [0x0000000700000000, 0x0000000800000000)
  region size 2048K, 1 young (2048K), 1 survivors (2048K)
 Metaspace       used 64964K, committed 65792K, reserved 1114112K
  class space    used 9235K, committed 9600K, reserved 1048576K
}
Event: 30.924 GC heap before
{Heap before GC invocations=31 (full 0):
 garbage-first heap   total 141312K, used 95703K [0x0000000700000000, 0x0000000800000000)
  region size 2048K, 11 young (22528K), 1 survivors (2048K)
 Metaspace       used 66790K, committed 67584K, reserved 1114112K
  class space    used 9430K, committed 9792K, reserved 1048576K
}
Event: 30.926 GC heap after
{Heap after GC invocations=32 (full 0):
 garbage-first heap   total 141312K, used 77490K [0x0000000700000000, 0x0000000800000000)
  region size 2048K, 1 young (2048K), 1 survivors (2048K)
 Metaspace       used 66790K, committed 67584K, reserved 1114112K
  class space    used 9430K, committed 9792K, reserved 1048576K
}
Event: 30.999 GC heap before
{Heap before GC invocations=32 (full 0):
 garbage-first heap   total 141312K, used 81586K [0x0000000700000000, 0x0000000800000000)
  region size 2048K, 3 young (6144K), 1 survivors (2048K)
 Metaspace       used 67083K, committed 67904K, reserved 1114112K
  class space    used 9472K, committed 9856K, reserved 1048576K
}
Event: 31.001 GC heap after
{Heap after GC invocations=33 (full 0):
 garbage-first heap   total 141312K, used 77451K [0x0000000700000000, 0x0000000800000000)
  region size 2048K, 1 young (2048K), 1 survivors (2048K)
 Metaspace       used 67083K, committed 67904K, reserved 1114112K
  class space    used 9472K, committed 9856K, reserved 1048576K
}
Event: 31.253 GC heap before
{Heap before GC invocations=33 (full 0):
 garbage-first heap   total 141312K, used 102027K [0x0000000700000000, 0x0000000800000000)
  region size 2048K, 14 young (28672K), 1 survivors (2048K)
 Metaspace       used 67705K, committed 68544K, reserved 1114112K
  class space    used 9551K, committed 9920K, reserved 1048576K
}

Deoptimization events (20 events):
Event: 31.246 Thread 0x000001947de21070 DEOPT PACKING pc=0x000001942058e8c8 sp=0x000000912e5ed6c0
Event: 31.246 Thread 0x000001947de21070 DEOPT UNPACKING pc=0x0000019427542b43 sp=0x000000912e5ecb18 mode 0
Event: 31.246 Thread 0x000001947de21070 DEOPT PACKING pc=0x000001942058e8c8 sp=0x000000912e5ed6c0
Event: 31.246 Thread 0x000001947de21070 DEOPT UNPACKING pc=0x0000019427542b43 sp=0x000000912e5ecb18 mode 0
Event: 31.247 Thread 0x000001947de21070 DEOPT PACKING pc=0x000001942058e8c8 sp=0x000000912e5ed6c0
Event: 31.247 Thread 0x000001947de21070 DEOPT UNPACKING pc=0x0000019427542b43 sp=0x000000912e5ecb18 mode 0
Event: 31.247 Thread 0x000001947de21070 DEOPT PACKING pc=0x000001942058e8c8 sp=0x000000912e5ed6c0
Event: 31.247 Thread 0x000001947de21070 DEOPT UNPACKING pc=0x0000019427542b43 sp=0x000000912e5ecb18 mode 0
Event: 31.247 Thread 0x000001947de21070 DEOPT PACKING pc=0x000001942058e8c8 sp=0x000000912e5ed6c0
Event: 31.247 Thread 0x000001947de21070 DEOPT UNPACKING pc=0x0000019427542b43 sp=0x000000912e5ecb18 mode 0
Event: 31.247 Thread 0x000001947de21070 DEOPT PACKING pc=0x000001942058e8c8 sp=0x000000912e5ed6c0
Event: 31.247 Thread 0x000001947de21070 DEOPT UNPACKING pc=0x0000019427542b43 sp=0x000000912e5ecb18 mode 0
Event: 31.248 Thread 0x000001947de21070 DEOPT PACKING pc=0x000001942058e8c8 sp=0x000000912e5ed6c0
Event: 31.248 Thread 0x000001947de21070 DEOPT UNPACKING pc=0x0000019427542b43 sp=0x000000912e5ecb18 mode 0
Event: 31.248 Thread 0x000001947de21070 DEOPT PACKING pc=0x000001942058e8c8 sp=0x000000912e5ed660
Event: 31.248 Thread 0x000001947de21070 DEOPT UNPACKING pc=0x0000019427542b43 sp=0x000000912e5ecab8 mode 0
Event: 31.248 Thread 0x000001947de21070 DEOPT PACKING pc=0x000001942058e8c8 sp=0x000000912e5ed6c0
Event: 31.248 Thread 0x000001947de21070 DEOPT UNPACKING pc=0x0000019427542b43 sp=0x000000912e5ecb18 mode 0
Event: 31.249 Thread 0x000001947de21070 DEOPT PACKING pc=0x000001942058e8c8 sp=0x000000912e5ed6c0
Event: 31.249 Thread 0x000001947de21070 DEOPT UNPACKING pc=0x0000019427542b43 sp=0x000000912e5ecb18 mode 0

Classes unloaded (0 events):
No events

Classes redefined (0 events):
No events

Internal exceptions (20 events):
Event: 28.773 Thread 0x000001947de21070 Exception <a 'java/lang/ClassNotFoundException'{0x0000000707377ea0}: NativePluginLoaderBeanInfo> (0x0000000707377ea0) 
thrown [s\open\src\hotspot\share\classfile\systemDictionary.cpp, line 256]
Event: 28.773 Thread 0x000001947de21070 Exception <a 'java/lang/ClassNotFoundException'{0x0000000707381268}: NativePluginLoaderCustomizer> (0x0000000707381268) 
thrown [s\open\src\hotspot\share\classfile\systemDictionary.cpp, line 256]
Event: 28.782 Thread 0x000001947de21070 Exception <a 'java/lang/ClassNotFoundException'{0x00000007073d95f8}: groovy/json/JsonSlurperBeanInfo> (0x00000007073d95f8) 
thrown [s\open\src\hotspot\share\classfile\systemDictionary.cpp, line 256]
Event: 28.783 Thread 0x000001947de21070 Exception <a 'java/lang/ClassNotFoundException'{0x00000007073ef7e8}: groovy/json/JsonSlurperCustomizer> (0x00000007073ef7e8) 
thrown [s\open\src\hotspot\share\classfile\systemDictionary.cpp, line 256]
Event: 28.815 Thread 0x000001947de21070 Exception <a 'java/lang/ClassNotFoundException'{0x0000000706f07750}: org/apache/groovy/json/internal/LazyMapBeanInfo> (0x0000000706f07750) 
thrown [s\open\src\hotspot\share\classfile\systemDictionary.cpp, line 256]
Event: 28.815 Thread 0x000001947de21070 Exception <a 'java/lang/ClassNotFoundException'{0x0000000706f0ecf8}: java/util/AbstractMapBeanInfo> (0x0000000706f0ecf8) 
thrown [s\open\src\hotspot\share\classfile\systemDictionary.cpp, line 256]
Event: 28.816 Thread 0x000001947de21070 Exception <a 'java/lang/ClassNotFoundException'{0x0000000706f16570}: java/util/AbstractMapCustomizer> (0x0000000706f16570) 
thrown [s\open\src\hotspot\share\classfile\systemDictionary.cpp, line 256]
Event: 28.818 Thread 0x000001947de21070 Exception <a 'java/lang/ClassNotFoundException'{0x0000000706f3c418}: org/apache/groovy/json/internal/LazyMapCustomizer> (0x0000000706f3c418) 
thrown [s\open\src\hotspot\share\classfile\systemDictionary.cpp, line 256]
Event: 28.826 Thread 0x000001947de21070 Exception <a 'java/lang/ClassNotFoundException'{0x0000000706c74068}: java/util/ArrayListBeanInfo> (0x0000000706c74068) 
thrown [s\open\src\hotspot\share\classfile\systemDictionary.cpp, line 256]
Event: 28.826 Thread 0x000001947de21070 Exception <a 'java/lang/ClassNotFoundException'{0x0000000706c7b630}: java/util/AbstractListBeanInfo> (0x0000000706c7b630) 
thrown [s\open\src\hotspot\share\classfile\systemDictionary.cpp, line 256]
Event: 28.826 Thread 0x000001947de21070 Exception <a 'java/lang/ClassNotFoundException'{0x0000000706c830f0}: java/util/AbstractListCustomizer> (0x0000000706c830f0) 
thrown [s\open\src\hotspot\share\classfile\systemDictionary.cpp, line 256]
Event: 28.827 Thread 0x000001947de21070 Exception <a 'java/lang/ClassNotFoundException'{0x0000000706c968e0}: java/util/ArrayListCustomizer> (0x0000000706c968e0) 
thrown [s\open\src\hotspot\share\classfile\systemDictionary.cpp, line 256]
Event: 28.859 Thread 0x000001947de21070 Exception <a 'java/lang/ClassNotFoundException'{0x0000000706d6e978}: settings_bvcugt694xwctznfu6jttcta9BeanInfo> (0x0000000706d6e978) 
thrown [s\open\src\hotspot\share\classfile\systemDictionary.cpp, line 256]
Event: 28.859 Thread 0x000001947de21070 Exception <a 'java/lang/ClassNotFoundException'{0x0000000706d75328}: settings_bvcugt694xwctznfu6jttcta9Customizer> (0x0000000706d75328) 
thrown [s\open\src\hotspot\share\classfile\systemDictionary.cpp, line 256]
Event: 28.953 Thread 0x000001947de21070 Exception <a 'java/lang/ClassNotFoundException'{0x0000000706bef138}: build_eupnr242t3hxf8q4p2l83eekkBeanInfo> (0x0000000706bef138) 
thrown [s\open\src\hotspot\share\classfile\systemDictionary.cpp, line 256]
Event: 28.954 Thread 0x000001947de21070 Exception <a 'java/lang/ClassNotFoundException'{0x0000000706bfad20}: org/gradle/api/internal/project/ProjectScriptBeanInfo> (0x0000000706bfad20) 
thrown [s\open\src\hotspot\share\classfile\systemDictionary.cpp, line 256]
Event: 28.955 Thread 0x000001947de21070 Exception <a 'java/lang/ClassNotFoundException'{0x0000000706806968}: org/gradle/api/internal/project/ProjectScriptCustomizer> (0x0000000706806968) 
thrown [s\open\src\hotspot\share\classfile\systemDictionary.cpp, line 256]
Event: 28.956 Thread 0x000001947de21070 Exception <a 'java/lang/ClassNotFoundException'{0x000000070681e0b0}: build_eupnr242t3hxf8q4p2l83eekkCustomizer> (0x000000070681e0b0) 
thrown [s\open\src\hotspot\share\classfile\systemDictionary.cpp, line 256]
Event: 29.010 Thread 0x000001947de21070 Exception <a 'java/lang/ClassNotFoundException'{0x000000070695bcf8}: build_a02oniw12q9ed6haoiwwivbe5BeanInfo> (0x000000070695bcf8) 
thrown [s\open\src\hotspot\share\classfile\systemDictionary.cpp, line 256]
Event: 29.010 Thread 0x000001947de21070 Exception <a 'java/lang/ClassNotFoundException'{0x0000000706967888}: build_a02oniw12q9ed6haoiwwivbe5Customizer> (0x0000000706967888) 
thrown [s\open\src\hotspot\share\classfile\systemDictionary.cpp, line 256]

VM Operations (20 events):
Event: 29.389 Executing VM operation: HandshakeAllThreads done
Event: 29.608 Executing VM operation: G1CollectForAllocation
Event: 29.611 Executing VM operation: G1CollectForAllocation done
Event: 29.656 Executing VM operation: G1Concurrent
Event: 30.667 Executing VM operation: G1Concurrent done
Event: 30.684 Executing VM operation: G1Concurrent
Event: 30.685 Executing VM operation: G1Concurrent done
Event: 30.686 Executing VM operation: HandshakeAllThreads
Event: 30.686 Executing VM operation: HandshakeAllThreads done
Event: 30.721 Executing VM operation: HandshakeAllThreads
Event: 30.721 Executing VM operation: HandshakeAllThreads done
Event: 30.740 Executing VM operation: HandshakeAllThreads
Event: 30.741 Executing VM operation: HandshakeAllThreads done
Event: 30.924 Executing VM operation: G1CollectForAllocation
Event: 30.926 Executing VM operation: G1CollectForAllocation done
Event: 30.999 Executing VM operation: G1CollectForAllocation
Event: 31.001 Executing VM operation: G1CollectForAllocation done
Event: 31.142 Executing VM operation: HandshakeAllThreads
Event: 31.142 Executing VM operation: HandshakeAllThreads done
Event: 31.252 Executing VM operation: G1CollectForAllocation

Events (20 events):
Event: 31.140 loading class sun/security/provider/DSA$SHA1withDSA done
Event: 31.140 loading class java/security/interfaces/DSAParams
Event: 31.140 loading class java/security/interfaces/DSAParams done
Event: 31.140 loading class java/security/spec/DSAParameterSpec
Event: 31.140 loading class java/security/spec/DSAParameterSpec done
Event: 31.141 loading class java/math/SignedMutableBigInteger
Event: 31.141 loading class java/math/SignedMutableBigInteger done
Event: 31.148 loading class java/security/cert/CertPathValidatorException
Event: 31.148 loading class java/security/cert/CertPathValidatorException done
Event: 31.149 loading class java/time/Instant$1
Event: 31.150 loading class java/time/Instant$1 done
Event: 31.151 loading class java/security/cert/CertPathValidatorException$BasicReason
Event: 31.151 loading class java/security/cert/CertPathValidatorException$Reason
Event: 31.152 loading class java/security/cert/CertPathValidatorException$Reason done
Event: 31.152 loading class java/security/cert/CertPathValidatorException$BasicReason done
Event: 31.153 loading class java/security/SignatureException
Event: 31.153 loading class java/security/SignatureException done
Event: 31.164 loading class sun/security/provider/DSA$SHA256withDSA
Event: 31.164 loading class sun/security/provider/DSA$SHA256withDSA done
Event: 31.185 Thread 0x0000019404c02520 Thread added: 0x0000019404c02520


Dynamic libraries:
0x00007ff657540000 - 0x00007ff657550000 	C:\Program Files\Java\jdk-17\bin\java.exe
0x00007fff02e40000 - 0x00007fff030a7000 	C:\WINDOWS\SYSTEM32\ntdll.dll
0x00007fff01730000 - 0x00007fff017f9000 	C:\WINDOWS\System32\KERNEL32.DLL
0x00007fff00170000 - 0x00007fff00567000 	C:\WINDOWS\System32\KERNELBASE.dll
0x00007fff00910000 - 0x00007fff00a5b000 	C:\WINDOWS\System32\ucrtbase.dll
0x00007ffe8c810000 - 0x00007ffe8c82b000 	C:\Program Files\Java\jdk-17\bin\VCRUNTIME140.dll
0x00007ffece3f0000 - 0x00007ffece409000 	C:\Program Files\Java\jdk-17\bin\jli.dll
0x00007fff01b30000 - 0x00007fff01be6000 	C:\WINDOWS\System32\ADVAPI32.dll
0x00007fff018a0000 - 0x00007fff01949000 	C:\WINDOWS\System32\msvcrt.dll
0x00007fff028c0000 - 0x00007fff02967000 	C:\WINDOWS\System32\sechost.dll
0x00007fff010e0000 - 0x00007fff011f8000 	C:\WINDOWS\System32\RPCRT4.dll
0x00007fff00f10000 - 0x00007fff010d6000 	C:\WINDOWS\System32\USER32.dll
0x00007fff008e0000 - 0x00007fff00907000 	C:\WINDOWS\System32\win32u.dll
0x00007ffee5020000 - 0x00007ffee52b2000 	C:\WINDOWS\WinSxS\amd64_microsoft.windows.common-controls_6595b64144ccf1df_6.0.26100.8457_none_3e0b2faee331e92d\COMCTL32.dll
0x00007fff02520000 - 0x00007fff0254b000 	C:\WINDOWS\System32\GDI32.dll
0x00007fff00630000 - 0x00007fff0075c000 	C:\WINDOWS\System32\gdi32full.dll
0x00007fff00a60000 - 0x00007fff00b03000 	C:\WINDOWS\System32\msvcp_win.dll
0x00007ffef9080000 - 0x00007ffef908b000 	C:\WINDOWS\SYSTEM32\VERSION.dll
0x00007fff02710000 - 0x00007fff02742000 	C:\WINDOWS\System32\IMM32.DLL
0x00007ffece770000 - 0x00007ffece77c000 	C:\Program Files\Java\jdk-17\bin\vcruntime140_1.dll
0x00007ffe523a0000 - 0x00007ffe5242e000 	C:\Program Files\Java\jdk-17\bin\msvcp140.dll
0x00007ffe0fa00000 - 0x00007ffe105de000 	C:\Program Files\Java\jdk-17\bin\server\jvm.dll
0x00007fff01d90000 - 0x00007fff01d98000 	C:\WINDOWS\System32\PSAPI.DLL
0x00007ffee2db0000 - 0x00007ffee2dba000 	C:\WINDOWS\SYSTEM32\WSOCK32.dll
0x00007ffef6c80000 - 0x00007ffef6cb6000 	C:\WINDOWS\SYSTEM32\WINMM.dll
0x00007fff02680000 - 0x00007fff02700000 	C:\WINDOWS\System32\WS2_32.dll
0x00007ffefe5e0000 - 0x00007ffefe5fb000 	C:\WINDOWS\SYSTEM32\kernel.appcore.dll
0x00007ffece650000 - 0x00007ffece65a000 	C:\Program Files\Java\jdk-17\bin\jimage.dll
0x00007ffef7680000 - 0x00007ffef78c2000 	C:\WINDOWS\SYSTEM32\DBGHELP.DLL
0x00007fff012e0000 - 0x00007fff01663000 	C:\WINDOWS\System32\combase.dll
0x00007fff01950000 - 0x00007fff01a29000 	C:\WINDOWS\System32\OLEAUT32.dll
0x00007ffee1fa0000 - 0x00007ffee1fdb000 	C:\WINDOWS\SYSTEM32\dbgcore.DLL
0x00007fff00b10000 - 0x00007fff00bb8000 	C:\WINDOWS\System32\bcryptPrimitives.dll
0x00007ffece3c0000 - 0x00007ffece3ce000 	C:\Program Files\Java\jdk-17\bin\instrument.dll
0x00007ffe8c7e0000 - 0x00007ffe8c805000 	C:\Program Files\Java\jdk-17\bin\java.dll
0x00007ffe522c0000 - 0x00007ffe52397000 	C:\Program Files\Java\jdk-17\bin\jsvml.dll
0x00007fff01da0000 - 0x00007fff0250e000 	C:\WINDOWS\System32\SHELL32.dll
0x00007ffeff900000 - 0x00007fff0016c000 	C:\WINDOWS\System32\windows.storage.dll
0x00007fff02550000 - 0x00007fff02646000 	C:\WINDOWS\System32\SHCORE.dll
0x00007fff01200000 - 0x00007fff01266000 	C:\WINDOWS\System32\shlwapi.dll
0x00007ffeff790000 - 0x00007ffeff7b9000 	C:\WINDOWS\SYSTEM32\profapi.dll
0x00007ffe8bd70000 - 0x00007ffe8bd88000 	C:\Program Files\Java\jdk-17\bin\zip.dll
0x00007ffe8ba30000 - 0x00007ffe8ba49000 	C:\Program Files\Java\jdk-17\bin\net.dll
0x00007ffef9cf0000 - 0x00007ffef9e19000 	C:\WINDOWS\SYSTEM32\WINHTTP.dll
0x00007ffefeb70000 - 0x00007ffefebdc000 	C:\WINDOWS\system32\mswsock.dll
0x00007ffe8af30000 - 0x00007ffe8af46000 	C:\Program Files\Java\jdk-17\bin\nio.dll
0x00007ffecdce0000 - 0x00007ffecdcf0000 	C:\Program Files\Java\jdk-17\bin\verify.dll
0x00007ffecc200000 - 0x00007ffecc227000 	C:\Users\chaud\.gradle\native\68d5fa5c4cc2d200863cafc0d521ce42e7d3e7ee720ec0a83991735586a16f82\windows-amd64\native-platform.dll
0x00007ffe3b5b0000 - 0x00007ffe3b6f4000 	C:\Users\chaud\.gradle\native\e376f236ea51e6404a007f0833ffe2c6e607c4080706a723a18a27aeea778392\windows-amd64\native-platform-file-events.dll
0x00007ffecdbd0000 - 0x00007ffecdbda000 	C:\Program Files\Java\jdk-17\bin\management.dll
0x00007ffecc1f0000 - 0x00007ffecc1fb000 	C:\Program Files\Java\jdk-17\bin\management_ext.dll
0x00007ffefee50000 - 0x00007ffefee6b000 	C:\WINDOWS\SYSTEM32\CRYPTSP.dll
0x00007ffefe540000 - 0x00007ffefe579000 	C:\WINDOWS\system32\rsaenh.dll
0x00007ffefec20000 - 0x00007ffefec53000 	C:\WINDOWS\SYSTEM32\USERENV.dll
0x00007ffeff760000 - 0x00007ffeff78a000 	C:\WINDOWS\SYSTEM32\bcrypt.dll
0x00007ffefee70000 - 0x00007ffefee7c000 	C:\WINDOWS\SYSTEM32\CRYPTBASE.dll
0x00007ffefdfc0000 - 0x00007ffefdff2000 	C:\WINDOWS\SYSTEM32\IPHLPAPI.DLL
0x00007fff01270000 - 0x00007fff0127a000 	C:\WINDOWS\System32\NSI.dll
0x00007ffefa070000 - 0x00007ffefa08d000 	C:\WINDOWS\SYSTEM32\dhcpcsvc6.DLL
0x00007ffefa040000 - 0x00007ffefa065000 	C:\WINDOWS\SYSTEM32\dhcpcsvc.DLL
0x00007ffefe000000 - 0x00007ffefe132000 	C:\WINDOWS\SYSTEM32\DNSAPI.dll
0x00007ffecbb80000 - 0x00007ffecbb8e000 	C:\Program Files\Java\jdk-17\bin\sunmscapi.dll
0x00007fff00760000 - 0x00007fff008d8000 	C:\WINDOWS\System32\CRYPT32.dll
0x00007ffeff070000 - 0x00007ffeff0a0000 	C:\WINDOWS\SYSTEM32\ncrypt.dll
0x00007ffeff020000 - 0x00007ffeff05f000 	C:\WINDOWS\SYSTEM32\NTASN1.dll
0x00007ffe98270000 - 0x00007ffe98278000 	C:\WINDOWS\system32\wshunix.dll

dbghelp: loaded successfully - version: 4.0.5 - missing functions: none
symbol engine: initialized successfully - sym options: 0x614 - pdb path: .;C:\Program Files\Java\jdk-17\bin;C:\WINDOWS\SYSTEM32;C:\WINDOWS\WinSxS\amd64_microsoft.windows.common-controls_6595b64144ccf1df_6.0.26100.8457_none_3e0b2faee331e92d;C:\Program Files\Java\jdk-17\bin\server;C:\Users\chaud\.gradle\native\68d5fa5c4cc2d200863cafc0d521ce42e7d3e7ee720ec0a83991735586a16f82\windows-amd64;C:\Users\chaud\.gradle\native\e376f236ea51e6404a007f0833ffe2c6e607c4080706a723a18a27aeea778392\windows-amd64

VM Arguments:
jvm_args: -XX:MaxMetaspaceSize=2G -XX:+HeapDumpOnOutOfMemoryError --add-opens=java.base/java.util=ALL-UNNAMED --add-opens=java.base/java.lang=ALL-UNNAMED --add-opens=java.base/java.lang.invoke=ALL-UNNAMED --add-opens=java.prefs/java.util.prefs=ALL-UNNAMED --add-opens=java.base/java.nio.charset=ALL-UNNAMED --add-opens=java.base/java.net=ALL-UNNAMED --add-opens=java.base/java.util.concurrent.atomic=ALL-UNNAMED -Xmx4G -Dfile.encoding=utf8 -Duser.country=IN -Duser.language=en -Duser.variant -javaagent:C:\Users\chaud\.gradle\wrapper\dists\gradle-8.3-all\6en3ugtfdg5xnpx44z4qbwgas\gradle-8.3\lib\agents\gradle-instrumentation-agent-8.3.jar 
java_command: org.gradle.launcher.daemon.bootstrap.GradleDaemon 8.3
java_class_path (initial): C:\Users\chaud\.gradle\wrapper\dists\gradle-8.3-all\6en3ugtfdg5xnpx44z4qbwgas\gradle-8.3\lib\gradle-launcher-8.3.jar
Launcher Type: SUN_STANDARD

[Global flags]
     intx CICompilerCount                          = 4                                         {product} {ergonomic}
     uint ConcGCThreads                            = 3                                         {product} {ergonomic}
     uint G1ConcRefinementThreads                  = 10                                        {product} {ergonomic}
   size_t G1HeapRegionSize                         = 2097152                                   {product} {ergonomic}
    uintx GCDrainStackTargetSize                   = 64                                        {product} {ergonomic}
     bool HeapDumpOnOutOfMemoryError               = true                                   {manageable} {command line}
   size_t InitialHeapSize                          = 123731968                                 {product} {ergonomic}
   size_t MarkStackSize                            = 4194304                                   {product} {ergonomic}
   size_t MaxHeapSize                              = 4294967296                                {product} {command line}
   size_t MaxMetaspaceSize                         = 2147483648                                {product} {command line}
   size_t MaxNewSize                               = 2575302656                                {product} {ergonomic}
   size_t MinHeapDeltaBytes                        = 2097152                                   {product} {ergonomic}
   size_t MinHeapSize                              = 8388608                                   {product} {ergonomic}
    uintx NonNMethodCodeHeapSize                   = 5839372                                {pd product} {ergonomic}
    uintx NonProfiledCodeHeapSize                  = 122909434                              {pd product} {ergonomic}
    uintx ProfiledCodeHeapSize                     = 122909434                              {pd product} {ergonomic}
    uintx ReservedCodeCacheSize                    = 251658240                              {pd product} {ergonomic}
     bool SegmentedCodeCache                       = true                                      {product} {ergonomic}
   size_t SoftMaxHeapSize                          = 4294967296                             {manageable} {ergonomic}
     bool UseCompressedClassPointers               = true                           {product lp64_product} {ergonomic}
     bool UseCompressedOops                        = true                           {product lp64_product} {ergonomic}
     bool UseG1GC                                  = true                                      {product} {ergonomic}
     bool UseLargePagesIndividualAllocation        = false                                  {pd product} {ergonomic}

Logging:
Log output configuration:
 #0: stdout all=warning uptime,level,tags
 #1: stderr all=off uptime,level,tags

Environment Variables:
PATH=c:\Users\chaud\.trae\tools\trae-gopls\current;c:\Users\chaud\.trae\sdks\workspaces\77c35b20\versions\node\current;c:\Users\chaud\.trae\sdks\versions\node\current;C:\Python312\Scripts\;C:\Python312\;C:\Program Files\Common Files\Oracle\Java\javapath;C:\windows\system32;C:\windows;C:\windows\System32\Wbem;C:\windows\System32\WindowsPowerShell\v1.0\;C:\windows\System32\OpenSSH\;C:\Program Files (x86)\NVIDIA Corporation\PhysX\Common;C:\Program Files\NVIDIA Corporation\NVIDIA NvDLISR;C:\WINDOWS\system32;C:\WINDOWS;C:\WINDOWS\System32\Wbem;C:\WINDOWS\System32\WindowsPowerShell\v1.0\;C:\WINDOWS\System32\OpenSSH\;C:\src\flutter\bin;C:\Program Files\PuTTY\;C:\Program Files\Git\cmd;C:\Program Files\Microsoft SQL Server\150\Tools\Binn\;C:\Program Files\Microsoft SQL Server\Client SDK\ODBC\170\Tools\Binn\;C:\Program Files\dotnet\;C:\Program Files\nodejs\;C:\ProgramData\chocolatey\bin;C:\Users\chaud\AppData\Local\Pub\Cache\bin;C:\WINDOWS\system32;C:\WINDOWS;C:\WINDOWS\System32\Wbem;C:\WINDOWS\System32\WindowsPowerShell\v1.0\;C:\WINDOWS\System32\OpenSSH\;C:\Program Files\Redis\;C:\Program Files\Docker\Docker\resources\bin;C:\Users\chaud\AppData\Local\Programs\Python\Python311\Scripts\;C:\Users\chaud\AppData\Local\Programs\Python\Python311\;C:\Users\chaud\AppData\Local\Microsoft\WindowsApps;C:\Users\chaud\AppData\Local\Programs\Microsoft VS Code\bin;C:\Program Files\JetBrains\IntelliJ IDEA Community Edition 2023.3.2\bin;;C:\Users\chaud\.dotnet\tools;C:\Users\chaud\AppData\Roaming\npm;C:\Users\chaud\AppData\Local\Pub\Cache\bin;C:\Users\chaud\AppData\Local\Programs\cursor\resources\app\bin;C:\Users\chaud\AppData\Local\Programs\Antigravity\bin;C:\Users\chaud\AppData\Local\Programs\Qoder\bin;c:\Users\chaud\AppData\Local\Programs\Trae\resources\app\bin\lib
USERNAME=chaud
OS=Windows_NT
PROCESSOR_IDENTIFIER=AMD64 Family 25 Model 80 Stepping 0, AuthenticAMD



---------------  S Y S T E M  ---------------

OS:
 Windows 11 , 64 bit Build 26100 (10.0.26100.8328)
OS uptime: 0 days 2:36 hours
Hyper-V role detected

CPU: total 12 (initial active 12) (12 cores per cpu, 2 threads per core) family 25 model 80 stepping 0 microcode 0xa50000d, cx8, cmov, fxsr, ht, mmx, 3dnowpref, sse, sse2, sse3, ssse3, sse4a, sse4.1, sse4.2, popcnt, lzcnt, tsc, tscinvbit, avx, avx2, aes, erms, clmul, bmi1, bmi2, adx, sha, fma, vzeroupper, clflush, clflushopt, hv

Memory: 4k page, system-wide physical 7521M (863M free)
TotalPageFile size 31073M (AvailPageFile size 119M)
current process WorkingSet (physical memory assigned to process): 309M, peak: 331M
current process commit charge ("private bytes"): 413M, peak: 692M

vm_info: Java HotSpot(TM) 64-Bit Server VM (17.0.8+9-LTS-211) for windows-amd64 JRE (17.0.8+9-LTS-211), built on Jun 14 2023 10:34:31 by "mach5one" with MS VC++ 17.1 (VS2022)

END.
